
> frontend@0.1.0 dev
> next dev

⚠ Mismatching @next/swc version, detected: 16.1.7 while Next.js is on 16.1.6. Please ensure these match
⚠ `eslint` configuration in next.config.ts is no longer supported. See more info here: https://nextjs.org/docs/app/api-reference/cli/next#next-lint-options
⚠ Invalid next.config.ts options detected: 
⚠     Unrecognized key(s) in object: 'eslint'
⚠ See more info here: https://nextjs.org/docs/messages/invalid-next-config
⚠ Warning: Next.js inferred your workspace root, but it may not be correct.
 We detected multiple lockfiles and selected the directory of /home/vijay/Projects/serphawk_crm_seo/package-lock.json as the root directory.
 To silence this warning, set `turbopack.root` in your Next.js config, or consider removing one of the lockfiles if it's not needed.
   See https://nextjs.org/docs/app/api-reference/config/next-config-js/turbopack#root-directory for more information.
 Detected additional lockfiles: 
   * /home/vijay/Projects/serphawk_crm_seo/frontend/package-lock.json

▲ Next.js 16.1.6 (Turbopack)
- Local:         http://localhost:3000
- Network:       http://192.168.1.7:3000

✓ Starting...
✓ Ready in 900ms
 GET / 200 in 721ms (compile: 420ms, render: 301ms)
 GET /leads 200 in 128ms (compile: 39ms, render: 89ms)
 GET /inventory 200 in 72ms (compile: 46ms, render: 26ms)
 GET / 200 in 26ms (compile: 3ms, render: 23ms)
✓ Compiled in 613ms
✓ Compiled in 71ms
